
  .   ____          _            __ _ _
 /\\ / ___'_ __ _ _(_)_ __  __ _ \ \ \ \
( ( )\___ | '_ | '_| | '_ \/ _` | \ \ \ \
 \\/  ___)| |_)| | | | | || (_| |  ) ) ) )
  '  |____| .__|_| |_|_| |_\__, | / / / /
 =========|_|==============|___/=/_/_/_/

 :: Spring Boot ::                (v3.5.6)

2026-09-07T19:44:01.172+06:00  INFO 26456 --- [auth-service] [           main] o.m.authservice.AuthServiceApplication   : Starting AuthServiceApplication using Java 17.0.12 with PID 26456 (C:\123321\!!misha\tunduk-misha\target\classes started by ABAMA in C:\123321\!!misha\tunduk-misha)
2026-09-07T19:44:01.176+06:00  INFO 26456 --- [auth-service] [           main] o.m.authservice.AuthServiceApplication   : No active profile set, falling back to 1 default profile: "default"
2026-09-07T19:44:01.987+06:00  INFO 26456 --- [auth-service] [           main] .s.d.r.c.RepositoryConfigurationDelegate : Bootstrapping Spring Data JPA repositories in DEFAULT mode.
2026-09-07T19:44:02.085+06:00  INFO 26456 --- [auth-service] [           main] .s.d.r.c.RepositoryConfigurationDelegate : Finished Spring Data repository scanning in 87 ms. Found 15 JPA repository interfaces.
2026-09-07T19:44:02.794+06:00  INFO 26456 --- [auth-service] [           main] o.s.b.w.embedded.tomcat.TomcatWebServer  : Tomcat initialized with port 8080 (http)
2026-09-07T19:44:02.810+06:00  INFO 26456 --- [auth-service] [           main] o.apache.catalina.core.StandardService   : Starting service [Tomcat]
2026-09-07T19:44:02.811+06:00  INFO 26456 --- [auth-service] [           main] o.apache.catalina.core.StandardEngine    : Starting Servlet engine: [Apache Tomcat/10.1.46]
2026-09-07T19:44:02.881+06:00  INFO 26456 --- [auth-service] [           main] o.a.c.c.C.[Tomcat].[localhost].[/]       : Initializing Spring embedded WebApplicationContext
2026-09-07T19:44:02.882+06:00  INFO 26456 --- [auth-service] [           main] w.s.c.ServletWebServerApplicationContext : Root WebApplicationContext: initialization completed in 1666 ms
2026-09-07T19:44:03.161+06:00  INFO 26456 --- [auth-service] [           main] com.zaxxer.hikari.HikariDataSource       : HikariPool-1 - Starting...
2026-09-07T19:44:03.371+06:00  INFO 26456 --- [auth-service] [           main] com.zaxxer.hikari.pool.HikariPool        : HikariPool-1 - Added connection org.postgresql.jdbc.PgConnection@6afbe6a1
2026-09-07T19:44:03.373+06:00  INFO 26456 --- [auth-service] [           main] com.zaxxer.hikari.HikariDataSource       : HikariPool-1 - Start completed.
2026-09-07T19:44:03.416+06:00  INFO 26456 --- [auth-service] [           main] org.flywaydb.core.FlywayExecutor         : Database: jdbc:postgresql://localhost:5432/kyrgyzCrm (PostgreSQL 17.6)
2026-09-07T19:44:03.493+06:00  INFO 26456 --- [auth-service] [           main] o.f.core.internal.command.DbValidate     : Successfully validated 12 migrations (execution time 00:00.044s)
2026-09-07T19:44:03.547+06:00  INFO 26456 --- [auth-service] [           main] o.f.core.internal.command.DbMigrate      : Current version of schema "public": 16
2026-09-07T19:44:03.551+06:00  INFO 26456 --- [auth-service] [           main] o.f.core.internal.command.DbMigrate      : Schema "public" is up to date. No migration necessary.
2026-09-07T19:44:03.643+06:00  INFO 26456 --- [auth-service] [           main] o.hibernate.jpa.internal.util.LogHelper  : HHH000204: Processing PersistenceUnitInfo [name: default]
2026-09-07T19:44:03.718+06:00  INFO 26456 --- [auth-service] [           main] org.hibernate.Version                    : HHH000412: Hibernate ORM core version 6.6.29.Final
2026-09-07T19:44:03.762+06:00  INFO 26456 --- [auth-service] [           main] o.h.c.internal.RegionFactoryInitiator    : HHH000026: Second-level cache disabled
2026-09-07T19:44:04.100+06:00  INFO 26456 --- [auth-service] [           main] o.s.o.j.p.SpringPersistenceUnitInfo      : No LoadTimeWeaver setup: ignoring JPA class transformer
2026-09-07T19:44:04.221+06:00  INFO 26456 --- [auth-service] [           main] org.hibernate.orm.connections.pooling    : HHH10001005: Database info:
	Database JDBC URL [Connecting through datasource 'HikariDataSource (HikariPool-1)']
	Database driver: undefined/unknown
	Database version: 17.6
	Autocommit mode: undefined/unknown
	Isolation level: undefined/unknown
	Minimum pool size: undefined/unknown
	Maximum pool size: undefined/unknown
2026-09-07T19:44:04.469+06:00  WARN 26456 --- [auth-service] [           main] o.h.boot.model.internal.ToOneBinder      : HHH000491: 'org.misha.authservice.entity.ToolBooking.template' uses both @NotFound and FetchType.LAZY. @ManyToOne and @OneToOne associations mapped with @NotFound are forced to EAGER fetching.
2026-09-07T19:44:04.469+06:00  WARN 26456 --- [auth-service] [           main] o.h.boot.model.internal.ToOneBinder      : HHH000491: 'org.misha.authservice.entity.ToolBooking.toolInstance' uses both @NotFound and FetchType.LAZY. @ManyToOne and @OneToOne associations mapped with @NotFound are forced to EAGER fetching.
2026-09-07T19:44:05.456+06:00  INFO 26456 --- [auth-service] [           main] o.h.e.t.j.p.i.JtaPlatformInitiator       : HHH000489: No JTA platform available (set 'hibernate.transaction.jta.platform' to enable JTA platform integration)
2026-09-07T19:44:05.518+06:00  INFO 26456 --- [auth-service] [           main] j.LocalContainerEntityManagerFactoryBean : Initialized JPA EntityManagerFactory for persistence unit 'default'
2026-09-07T19:44:05.808+06:00  INFO 26456 --- [auth-service] [           main] o.s.d.j.r.query.QueryEnhancerFactory     : Hibernate is in classpath; If applicable, HQL parser will be used.
2026-09-07T19:44:07.110+06:00  INFO 26456 --- [auth-service] [           main] o.m.authservice.config.AdminInitializer  : Admin already exists
2026-09-07T19:44:07.110+06:00  INFO 26456 --- [auth-service] [           main] o.m.a.config.ToolDataInitializer         : ToolDataInitializer: seed data is managed by Flyway migrations (V2, V3).
2026-09-07T19:44:11.118+06:00  INFO 26456 --- [auth-service] [           main] eAuthenticationProviderManagerConfigurer : Global AuthenticationManager configured with AuthenticationProvider bean with name emailPhoneAuthenticationProvider
2026-09-07T19:44:11.227+06:00  INFO 26456 --- [auth-service] [           main] o.m.a.service.ExcelGeneratorService      : Шаблон Excel загружен в кеш: 448718 байт
2026-09-07T19:44:11.386+06:00  WARN 26456 --- [auth-service] [           main] JpaBaseConfiguration$JpaWebConfiguration : spring.jpa.open-in-view is enabled by default. Therefore, database queries may be performed during view rendering. Explicitly configure spring.jpa.open-in-view to disable this warning
2026-09-07T19:44:11.644+06:00 DEBUG 26456 --- [auth-service] [           main] s.w.s.m.m.a.RequestMappingHandlerMapping : 83 mappings in 'requestMappingHandlerMapping'
2026-09-07T19:44:12.239+06:00  INFO 26456 --- [auth-service] [           main] o.s.b.w.embedded.tomcat.TomcatWebServer  : Tomcat started on port 8080 (http) with context path '/'
2026-09-07T19:44:12.254+06:00  INFO 26456 --- [auth-service] [           main] o.m.authservice.AuthServiceApplication   : Started AuthServiceApplication in 11.583 seconds (process running for 11.947)
2026-09-07T20:47:54.304+06:00  INFO 26456 --- [auth-service] [nio-8080-exec-1] o.a.c.c.C.[Tomcat].[localhost].[/]       : Initializing Spring DispatcherServlet 'dispatcherServlet'
2026-09-07T20:47:54.314+06:00  INFO 26456 --- [auth-service] [nio-8080-exec-1] o.s.web.servlet.DispatcherServlet        : Initializing Servlet 'dispatcherServlet'
2026-09-07T20:47:54.410+06:00  INFO 26456 --- [auth-service] [nio-8080-exec-1] o.s.web.servlet.DispatcherServlet        : Completed initialization in 92 ms
2026-09-07T20:47:54.490+06:00 DEBUG 26456 --- [auth-service] [nio-8080-exec-1] s.w.s.m.m.a.RequestMappingHandlerMapping : Mapped to org.misha.authservice.controller.AuthController#login(LoginRequest)
2026-09-07T20:48:13.610+06:00 DEBUG 26456 --- [auth-service] [nio-8080-exec-3] s.w.s.m.m.a.RequestMappingHandlerMapping : Mapped to org.misha.authservice.controller.AuthController#login(LoginRequest)
2026-09-07T20:49:25.069+06:00 DEBUG 26456 --- [auth-service] [nio-8080-exec-5] s.w.s.m.m.a.RequestMappingHandlerMapping : Mapped to org.misha.authservice.controller.AuthController#login(LoginRequest)
2026-09-07T20:49:25.221+06:00 DEBUG 26456 --- [auth-service] [nio-8080-exec-8] s.w.s.m.m.a.RequestMappingHandlerMapping : Mapped to org.misha.authservice.controller.AuthController#refresh(Map)
2026-09-07T20:49:25.295+06:00 DEBUG 26456 --- [auth-service] [nio-8080-exec-9] s.w.s.m.m.a.RequestMappingHandlerMapping : Mapped to org.misha.authservice.controller.AuthController#refresh(Map)
